// Vitest Snapshot v1, https://vitest.dev/guide/snapshot.html

exports[`Angular Fixture Snapshot > create angular component snapshot 1`] = `
TestComponent {
  "__ngContext__": 2,
  "count": 0,
}
`;

exports[`Angular Fixture Snapshot > create angular fixture snapshot 1`] = `
<app-test>
  <div
    _ngcontent-a-c3752700837=""
  >
    <a
      _ngcontent-a-c3752700837=""
      href="https://analogjs.org/"
      target="_blank"
    >
      <img
        _ngcontent-a-c3752700837=""
        alt="Analog Logo"
        class="logo analog"
        src="/analog.svg"
      />
    </a>
  </div>
  <h2
    _ngcontent-a-c3752700837=""
  >
    Analog
  </h2>
  <h3
    _ngcontent-a-c3752700837=""
  >
    The fullstack meta-framework for Angular!
  </h3>
  <div
    _ngcontent-a-c3752700837=""
    class="card"
  >
    <button
      _ngcontent-a-c3752700837=""
      type="button"
    >
      Count 0
    </button>
  </div>
  <p
    _ngcontent-a-c3752700837=""
    class="read-the-docs"
  >
     For guides on how to customize this project, visit the 
    <a
      _ngcontent-a-c3752700837=""
      href="https://analogjs.org"
      target="_blank"
    >
      Analog documentation
    </a>
  </p>
</app-test>
`;
